// Vitest Snapshot v1, https://vitest.dev/guide/snapshot.html

exports[`SubGenerator react of micronaut JHipster blueprint > run > should succeed 1`] = `
{
  ".editorconfig": {
    "stateCleared": "modified",
  },
  ".eslintignore": {
    "stateCleared": "modified",
  },
  ".eslintrc.json": {
    "stateCleared": "modified",
  },
  ".gitattributes": {
    "stateCleared": "modified",
  },
  ".gitignore": {
    "stateCleared": "modified",
  },
  ".husky/pre-commit": {
    "stateCleared": "modified",
  },
  ".lintstagedrc.cjs": {
    "stateCleared": "modified",
  },
  ".prettierignore": {
    "stateCleared": "modified",
  },
  ".prettierrc": {
    "stateCleared": "modified",
  },
  ".yo-rc.json": {
    "stateCleared": "modified",
  },
  "README.md": {
    "stateCleared": "modified",
  },
  "jest.conf.js": {
    "stateCleared": "modified",
  },
  "package.json": {
    "stateCleared": "modified",
  },
  "postcss.config.js": {
    "stateCleared": "modified",
  },
  "sonar-project.properties": {
    "stateCleared": "modified",
  },
  "src/main/webapp/404.html": {
    "stateCleared": "modified",
  },
  "src/main/webapp/WEB-INF/web.xml": {
    "stateCleared": "modified",
  },
  "src/main/webapp/app/_bootstrap-variables.scss": {
    "stateCleared": "modified",
  },
  "src/main/webapp/app/app.scss": {
    "stateCleared": "modified",
  },
  "src/main/webapp/app/app.tsx": {
    "stateCleared": "modified",
  },
  "src/main/webapp/app/config/axios-interceptor.spec.ts": {
    "stateCleared": "modified",
  },
  "src/main/webapp/app/config/axios-interceptor.ts": {
    "stateCleared": "modified",
  },
  "src/main/webapp/app/config/constants.ts": {
    "stateCleared": "modified",
  },
  "src/main/webapp/app/config/dayjs.ts": {
    "stateCleared": "modified",
  },
  "src/main/webapp/app/config/error-middleware.ts": {
    "stateCleared": "modified",
  },
  "src/main/webapp/app/config/icon-loader.ts": {
    "stateCleared": "modified",
  },
  "src/main/webapp/app/config/logger-middleware.ts": {
    "stateCleared": "modified",
  },
  "src/main/webapp/app/config/notification-middleware.spec.ts": {
    "stateCleared": "modified",
  },
  "src/main/webapp/app/config/notification-middleware.ts": {
    "stateCleared": "modified",
  },
  "src/main/webapp/app/config/store.ts": {
    "stateCleared": "modified",
  },
  "src/main/webapp/app/config/translation.ts": {
    "stateCleared": "modified",
  },
  "src/main/webapp/app/entities/menu.tsx": {
    "stateCleared": "modified",
  },
  "src/main/webapp/app/entities/reducers.ts": {
    "stateCleared": "modified",
  },
  "src/main/webapp/app/entities/routes.tsx": {
    "stateCleared": "modified",
  },
  "src/main/webapp/app/index.tsx": {
    "stateCleared": "modified",
  },
  "src/main/webapp/app/modules/account/activate/activate.reducer.spec.ts": {
    "stateCleared": "modified",
  },
  "src/main/webapp/app/modules/account/activate/activate.reducer.ts": {
    "stateCleared": "modified",
  },
  "src/main/webapp/app/modules/account/activate/activate.tsx": {
    "stateCleared": "modified",
  },
  "src/main/webapp/app/modules/account/index.tsx": {
    "stateCleared": "modified",
  },
  "src/main/webapp/app/modules/account/password-reset/finish/password-reset-finish.tsx": {
    "stateCleared": "modified",
  },
  "src/main/webapp/app/modules/account/password-reset/init/password-reset-init.tsx": {
    "stateCleared": "modified",
  },
  "src/main/webapp/app/modules/account/password-reset/password-reset.reducer.ts": {
    "stateCleared": "modified",
  },
  "src/main/webapp/app/modules/account/password/password.reducer.spec.ts": {
    "stateCleared": "modified",
  },
  "src/main/webapp/app/modules/account/password/password.reducer.ts": {
    "stateCleared": "modified",
  },
  "src/main/webapp/app/modules/account/password/password.tsx": {
    "stateCleared": "modified",
  },
  "src/main/webapp/app/modules/account/register/register.reducer.spec.ts": {
    "stateCleared": "modified",
  },
  "src/main/webapp/app/modules/account/register/register.reducer.ts": {
    "stateCleared": "modified",
  },
  "src/main/webapp/app/modules/account/register/register.tsx": {
    "stateCleared": "modified",
  },
  "src/main/webapp/app/modules/account/settings/settings.reducer.spec.ts": {
    "stateCleared": "modified",
  },
  "src/main/webapp/app/modules/account/settings/settings.reducer.ts": {
    "stateCleared": "modified",
  },
  "src/main/webapp/app/modules/account/settings/settings.tsx": {
    "stateCleared": "modified",
  },
  "src/main/webapp/app/modules/administration/administration.reducer.spec.ts": {
    "stateCleared": "modified",
  },
  "src/main/webapp/app/modules/administration/administration.reducer.ts": {
    "stateCleared": "modified",
  },
  "src/main/webapp/app/modules/administration/configuration/configuration.tsx": {
    "stateCleared": "modified",
  },
  "src/main/webapp/app/modules/administration/docs/docs.scss": {
    "stateCleared": "modified",
  },
  "src/main/webapp/app/modules/administration/docs/docs.tsx": {
    "stateCleared": "modified",
  },
  "src/main/webapp/app/modules/administration/health/health-modal.tsx": {
    "stateCleared": "modified",
  },
  "src/main/webapp/app/modules/administration/health/health.tsx": {
    "stateCleared": "modified",
  },
  "src/main/webapp/app/modules/administration/index.tsx": {
    "stateCleared": "modified",
  },
  "src/main/webapp/app/modules/administration/logs/logs.tsx": {
    "stateCleared": "modified",
  },
  "src/main/webapp/app/modules/administration/metrics/metrics.tsx": {
    "stateCleared": "modified",
  },
  "src/main/webapp/app/modules/administration/user-management/index.tsx": {
    "stateCleared": "modified",
  },
  "src/main/webapp/app/modules/administration/user-management/user-management-delete-dialog.tsx": {
    "stateCleared": "modified",
  },
  "src/main/webapp/app/modules/administration/user-management/user-management-detail.tsx": {
    "stateCleared": "modified",
  },
  "src/main/webapp/app/modules/administration/user-management/user-management-update.tsx": {
    "stateCleared": "modified",
  },
  "src/main/webapp/app/modules/administration/user-management/user-management.reducer.spec.ts": {
    "stateCleared": "modified",
  },
  "src/main/webapp/app/modules/administration/user-management/user-management.reducer.ts": {
    "stateCleared": "modified",
  },
  "src/main/webapp/app/modules/administration/user-management/user-management.tsx": {
    "stateCleared": "modified",
  },
  "src/main/webapp/app/modules/home/home.scss": {
    "stateCleared": "modified",
  },
  "src/main/webapp/app/modules/home/home.tsx": {
    "stateCleared": "modified",
  },
  "src/main/webapp/app/modules/login/login-modal.tsx": {
    "stateCleared": "modified",
  },
  "src/main/webapp/app/modules/login/login.tsx": {
    "stateCleared": "modified",
  },
  "src/main/webapp/app/modules/login/logout.tsx": {
    "stateCleared": "modified",
  },
  "src/main/webapp/app/routes.tsx": {
    "stateCleared": "modified",
  },
  "src/main/webapp/app/setup-tests.ts": {
    "stateCleared": "modified",
  },
  "src/main/webapp/app/shared/DurationFormat.tsx": {
    "stateCleared": "modified",
  },
  "src/main/webapp/app/shared/auth/private-route.spec.tsx": {
    "stateCleared": "modified",
  },
  "src/main/webapp/app/shared/auth/private-route.tsx": {
    "stateCleared": "modified",
  },
  "src/main/webapp/app/shared/error/error-boundary-routes.spec.tsx": {
    "stateCleared": "modified",
  },
  "src/main/webapp/app/shared/error/error-boundary-routes.tsx": {
    "stateCleared": "modified",
  },
  "src/main/webapp/app/shared/error/error-boundary.spec.tsx": {
    "stateCleared": "modified",
  },
  "src/main/webapp/app/shared/error/error-boundary.tsx": {
    "stateCleared": "modified",
  },
  "src/main/webapp/app/shared/error/page-not-found.tsx": {
    "stateCleared": "modified",
  },
  "src/main/webapp/app/shared/layout/footer/footer.scss": {
    "stateCleared": "modified",
  },
  "src/main/webapp/app/shared/layout/footer/footer.tsx": {
    "stateCleared": "modified",
  },
  "src/main/webapp/app/shared/layout/header/header-components.tsx": {
    "stateCleared": "modified",
  },
  "src/main/webapp/app/shared/layout/header/header.scss": {
    "stateCleared": "modified",
  },
  "src/main/webapp/app/shared/layout/header/header.spec.tsx": {
    "stateCleared": "modified",
  },
  "src/main/webapp/app/shared/layout/header/header.tsx": {
    "stateCleared": "modified",
  },
  "src/main/webapp/app/shared/layout/menus/account.spec.tsx": {
    "stateCleared": "modified",
  },
  "src/main/webapp/app/shared/layout/menus/account.tsx": {
    "stateCleared": "modified",
  },
  "src/main/webapp/app/shared/layout/menus/admin.tsx": {
    "stateCleared": "modified",
  },
  "src/main/webapp/app/shared/layout/menus/entities.tsx": {
    "stateCleared": "modified",
  },
  "src/main/webapp/app/shared/layout/menus/index.ts": {
    "stateCleared": "modified",
  },
  "src/main/webapp/app/shared/layout/menus/locale.tsx": {
    "stateCleared": "modified",
  },
  "src/main/webapp/app/shared/layout/menus/menu-components.tsx": {
    "stateCleared": "modified",
  },
  "src/main/webapp/app/shared/layout/menus/menu-item.tsx": {
    "stateCleared": "modified",
  },
  "src/main/webapp/app/shared/layout/password/password-strength-bar.scss": {
    "stateCleared": "modified",
  },
  "src/main/webapp/app/shared/layout/password/password-strength-bar.tsx": {
    "stateCleared": "modified",
  },
  "src/main/webapp/app/shared/model/user.model.ts": {
    "stateCleared": "modified",
  },
  "src/main/webapp/app/shared/reducers/application-profile.spec.ts": {
    "stateCleared": "modified",
  },
  "src/main/webapp/app/shared/reducers/application-profile.ts": {
    "stateCleared": "modified",
  },
  "src/main/webapp/app/shared/reducers/authentication.spec.ts": {
    "stateCleared": "modified",
  },
  "src/main/webapp/app/shared/reducers/authentication.ts": {
    "stateCleared": "modified",
  },
  "src/main/webapp/app/shared/reducers/index.ts": {
    "stateCleared": "modified",
  },
  "src/main/webapp/app/shared/reducers/locale.spec.ts": {
    "stateCleared": "modified",
  },
  "src/main/webapp/app/shared/reducers/locale.ts": {
    "stateCleared": "modified",
  },
  "src/main/webapp/app/shared/reducers/reducer.utils.ts": {
    "stateCleared": "modified",
  },
  "src/main/webapp/app/shared/util/date-utils.ts": {
    "stateCleared": "modified",
  },
  "src/main/webapp/app/shared/util/entity-utils.spec.ts": {
    "stateCleared": "modified",
  },
  "src/main/webapp/app/shared/util/entity-utils.ts": {
    "stateCleared": "modified",
  },
  "src/main/webapp/app/shared/util/pagination.constants.ts": {
    "stateCleared": "modified",
  },
  "src/main/webapp/app/typings.d.ts": {
    "stateCleared": "modified",
  },
  "src/main/webapp/content/css/loading.css": {
    "stateCleared": "modified",
  },
  "src/main/webapp/content/images/jhipster_family_member_0.svg": {
    "stateCleared": "modified",
  },
  "src/main/webapp/content/images/jhipster_family_member_0_head-192.png": {
    "stateCleared": "modified",
  },
  "src/main/webapp/content/images/jhipster_family_member_0_head-256.png": {
    "stateCleared": "modified",
  },
  "src/main/webapp/content/images/jhipster_family_member_0_head-384.png": {
    "stateCleared": "modified",
  },
  "src/main/webapp/content/images/jhipster_family_member_0_head-512.png": {
    "stateCleared": "modified",
  },
  "src/main/webapp/content/images/jhipster_family_member_1.svg": {
    "stateCleared": "modified",
  },
  "src/main/webapp/content/images/jhipster_family_member_1_head-192.png": {
    "stateCleared": "modified",
  },
  "src/main/webapp/content/images/jhipster_family_member_1_head-256.png": {
    "stateCleared": "modified",
  },
  "src/main/webapp/content/images/jhipster_family_member_1_head-384.png": {
    "stateCleared": "modified",
  },
  "src/main/webapp/content/images/jhipster_family_member_1_head-512.png": {
    "stateCleared": "modified",
  },
  "src/main/webapp/content/images/jhipster_family_member_2.svg": {
    "stateCleared": "modified",
  },
  "src/main/webapp/content/images/jhipster_family_member_2_head-192.png": {
    "stateCleared": "modified",
  },
  "src/main/webapp/content/images/jhipster_family_member_2_head-256.png": {
    "stateCleared": "modified",
  },
  "src/main/webapp/content/images/jhipster_family_member_2_head-384.png": {
    "stateCleared": "modified",
  },
  "src/main/webapp/content/images/jhipster_family_member_2_head-512.png": {
    "stateCleared": "modified",
  },
  "src/main/webapp/content/images/jhipster_family_member_3.svg": {
    "stateCleared": "modified",
  },
  "src/main/webapp/content/images/jhipster_family_member_3_head-192.png": {
    "stateCleared": "modified",
  },
  "src/main/webapp/content/images/jhipster_family_member_3_head-256.png": {
    "stateCleared": "modified",
  },
  "src/main/webapp/content/images/jhipster_family_member_3_head-384.png": {
    "stateCleared": "modified",
  },
  "src/main/webapp/content/images/jhipster_family_member_3_head-512.png": {
    "stateCleared": "modified",
  },
  "src/main/webapp/content/images/jhipster_family_member_4.svg": {
    "stateCleared": "modified",
  },
  "src/main/webapp/content/images/jhipster_family_member_4_head-192.png": {
    "stateCleared": "modified",
  },
  "src/main/webapp/content/images/jhipster_family_member_4_head-256.png": {
    "stateCleared": "modified",
  },
  "src/main/webapp/content/images/jhipster_family_member_4_head-384.png": {
    "stateCleared": "modified",
  },
  "src/main/webapp/content/images/jhipster_family_member_4_head-512.png": {
    "stateCleared": "modified",
  },
  "src/main/webapp/content/images/logo-jhipster.png": {
    "stateCleared": "modified",
  },
  "src/main/webapp/favicon.ico": {
    "stateCleared": "modified",
  },
  "src/main/webapp/i18n/en/activate.json": {
    "stateCleared": "modified",
  },
  "src/main/webapp/i18n/en/configuration.json": {
    "stateCleared": "modified",
  },
  "src/main/webapp/i18n/en/error.json": {
    "stateCleared": "modified",
  },
  "src/main/webapp/i18n/en/global.json": {
    "stateCleared": "modified",
  },
  "src/main/webapp/i18n/en/health.json": {
    "stateCleared": "modified",
  },
  "src/main/webapp/i18n/en/home.json": {
    "stateCleared": "modified",
  },
  "src/main/webapp/i18n/en/login.json": {
    "stateCleared": "modified",
  },
  "src/main/webapp/i18n/en/logs.json": {
    "stateCleared": "modified",
  },
  "src/main/webapp/i18n/en/metrics.json": {
    "stateCleared": "modified",
  },
  "src/main/webapp/i18n/en/password.json": {
    "stateCleared": "modified",
  },
  "src/main/webapp/i18n/en/register.json": {
    "stateCleared": "modified",
  },
  "src/main/webapp/i18n/en/reset.json": {
    "stateCleared": "modified",
  },
  "src/main/webapp/i18n/en/sessions.json": {
    "stateCleared": "modified",
  },
  "src/main/webapp/i18n/en/settings.json": {
    "stateCleared": "modified",
  },
  "src/main/webapp/i18n/en/user-management.json": {
    "stateCleared": "modified",
  },
  "src/main/webapp/index.html": {
    "stateCleared": "modified",
  },
  "src/main/webapp/manifest.webapp": {
    "stateCleared": "modified",
  },
  "src/main/webapp/robots.txt": {
    "stateCleared": "modified",
  },
  "src/main/webapp/swagger-ui/dist/images/throbber.gif": {
    "stateCleared": "modified",
  },
  "src/main/webapp/swagger-ui/index.html": {
    "stateCleared": "modified",
  },
  "tsconfig.json": {
    "stateCleared": "modified",
  },
  "tsconfig.test.json": {
    "stateCleared": "modified",
  },
  "webpack/environment.js": {
    "stateCleared": "modified",
  },
  "webpack/logo-jhipster.png": {
    "stateCleared": "modified",
  },
  "webpack/utils.js": {
    "stateCleared": "modified",
  },
  "webpack/webpack.common.js": {
    "stateCleared": "modified",
  },
  "webpack/webpack.dev.js": {
    "stateCleared": "modified",
  },
  "webpack/webpack.prod.js": {
    "stateCleared": "modified",
  },
}
`;
