// Jest Snapshot v1, https://goo.gl/fbAQLP

exports[`SubGenerator common of micronaut JHipster blueprint run should succeed 1`] = `
Object {
  ".editorconfig": Object {
    "stateCleared": "modified",
  },
  ".gitattributes": Object {
    "stateCleared": "modified",
  },
  ".gitignore": Object {
    "stateCleared": "modified",
  },
  ".husky/pre-commit": Object {
    "stateCleared": "modified",
  },
  ".lintstagedrc.js": Object {
    "stateCleared": "modified",
  },
  ".prettierignore": Object {
    "stateCleared": "modified",
  },
  ".prettierrc": Object {
    "stateCleared": "modified",
  },
  ".yo-rc.json": Object {
    "stateCleared": "modified",
  },
  "README.md": Object {
    "stateCleared": "modified",
  },
  "README.md.jhi": Object {
    "state": "modified",
  },
  "package.json": Object {
    "stateCleared": "modified",
  },
  "sonar-project.properties": Object {
    "stateCleared": "modified",
  },
}
`;
