// Vitest Snapshot v1, https://vitest.dev/guide/snapshot.html

exports[`SubGenerator liquibase of micronaut JHipster blueprint > run > should succeed 1`] = `
{
  ".yo-rc.json": {
    "stateCleared": "modified",
  },
  "src/main/resources/config/liquibase/changelog/00000000000000_initial_schema.xml": {
    "stateCleared": "modified",
  },
  "src/main/resources/config/liquibase/data/authority.csv": {
    "stateCleared": "modified",
  },
  "src/main/resources/config/liquibase/data/user.csv": {
    "stateCleared": "modified",
  },
  "src/main/resources/config/liquibase/data/user_authority.csv": {
    "stateCleared": "modified",
  },
  "src/main/resources/config/liquibase/master.xml": {
    "stateCleared": "modified",
  },
}
`;
